\BOOKMARK [1][-]{section.1}{\376\377\000T\000e\000m\000p\000l\000a\000t\000e}{}% 1
\BOOKMARK [2][-]{subsection.1.1}{\376\377\000M\000a\000i\000n}{section.1}% 2
\BOOKMARK [1][-]{section.2}{\376\377\000D\000a\000t\000a\000\040\000S\000t\000r\000u\000c\000t\000u\000r\000e\000s}{}% 3
\BOOKMARK [2][-]{subsection.2.1}{\376\377\000C\000e\000n\000t\000r\000o\000i\000d\000\040\000d\000e\000c\000o\000m\000p\000o\000s\000i\000t\000i\000o\000n}{section.2}% 4
\BOOKMARK [3][-]{subsubsection.2.1.1}{\376\377\000C\000e\000n\000t\000r\000o\000i\000d\000\040\000d\000e\000c\000o\000m\000p\000o\000s\000i\000t\000i\000o\000n}{subsection.2.1}% 5
\BOOKMARK [2][-]{subsection.2.2}{\376\377\000D\000S\000U}{section.2}% 6
\BOOKMARK [3][-]{subsubsection.2.2.1}{\376\377\000D\000S\000U\000\050\000H\000a\000s\000s\000a\000n\000\051}{subsection.2.2}% 7
\BOOKMARK [3][-]{subsubsection.2.2.2}{\376\377\000D\000S\000U}{subsection.2.2}% 8
\BOOKMARK [3][-]{subsubsection.2.2.3}{\376\377\000D\000S\000U\000O\000n\000T\000r\000e\000e}{subsection.2.2}% 9
\BOOKMARK [3][-]{subsubsection.2.2.4}{\376\377\000D\000S\000U\000\040\000m\000o\000v\000e\000\040\000e\000r\000a\000s\000e}{subsection.2.2}% 10
\BOOKMARK [3][-]{subsubsection.2.2.5}{\376\377\000D\000S\000U\000\040\000w\000i\000t\000h\000\040\000r\000o\000l\000l\000b\000a\000c\000k}{subsection.2.2}% 11
\BOOKMARK [3][-]{subsubsection.2.2.6}{\376\377\000K\000R\000T}{subsection.2.2}% 12
\BOOKMARK [3][-]{subsubsection.2.2.7}{\376\377\000O\000f\000f\000l\000i\000n\000e\000\040\000D\000y\000n\000a\000m\000i\000c\000\040\000c\000o\000n\000n\000e\000c\000t\000i\000v\000i\000t\000y}{subsection.2.2}% 13
\BOOKMARK [3][-]{subsubsection.2.2.8}{\376\377\000P\000a\000r\000t\000i\000a\000l\000l\000y\000\040\000p\000e\000r\000s\000i\000s\000t\000e\000n\000t\000\040\000D\000S\000U}{subsection.2.2}% 14
\BOOKMARK [3][-]{subsubsection.2.2.9}{\376\377\000S\000m\000a\000l\000l\000\040\000t\000o\000\040\000l\000a\000r\000g\000e}{subsection.2.2}% 15
\BOOKMARK [2][-]{subsection.2.3}{\376\377\000F\000e\000n\000w\000i\000c\000k\000\040\000T\000r\000e\000e}{section.2}% 16
\BOOKMARK [3][-]{subsubsection.2.3.1}{\376\377\0002\000D\000\040\000b\000i\000t}{subsection.2.3}% 17
\BOOKMARK [3][-]{subsubsection.2.3.2}{\376\377\0002\000D\000\040\000b\000i\000t\000\040\000r\000a\000n\000g\000e\000U\000p\000d\000a\000t\000e\000\040\000r\000a\000n\000g\000e\000Q\000u\000e\000r\000y}{subsection.2.3}% 18
\BOOKMARK [3][-]{subsubsection.2.3.3}{\376\377\000B\000i\000t\000\040\000r\000a\000n\000g\000e\000U\000p\000d\000a\000t\000e\000\040\000r\000a\000n\000g\000e\000Q\000u\000e\000r\000y}{subsection.2.3}% 19
\BOOKMARK [3][-]{subsubsection.2.3.4}{\376\377\000F\000e\000n\000w\000i\000c\000k\000\040\000t\000r\000e\000e}{subsection.2.3}% 20
\BOOKMARK [3][-]{subsubsection.2.3.5}{\376\377\000L\000o\000w\000e\000r\000\040\000b\000o\000u\000n\000d\000\040\000o\000n\000\040\000b\000i\000t}{subsection.2.3}% 21
\BOOKMARK [2][-]{subsection.2.4}{\376\377\000H\000L\000D}{section.2}% 22
\BOOKMARK [3][-]{subsubsection.2.4.1}{\376\377\000H\000L\000D}{subsection.2.4}% 23
\BOOKMARK [2][-]{subsection.2.5}{\376\377\000M\000i\000s\000c}{section.2}% 24
\BOOKMARK [3][-]{subsubsection.2.5.1}{\376\377\000C\000D\000Q}{subsection.2.5}% 25
\BOOKMARK [3][-]{subsubsection.2.5.2}{\376\377\000L\000e\000f\000t\000i\000s\000t\000\040\000h\000e\000a\000p}{subsection.2.5}% 26
\BOOKMARK [3][-]{subsubsection.2.5.3}{\376\377\000M\000o\000n\000o\000t\000o\000n\000i\000c\000\040\000q\000u\000e\000u\000e}{subsection.2.5}% 27
\BOOKMARK [3][-]{subsubsection.2.5.4}{\376\377\000M\000o\000n\000o\000t\000o\000n\000i\000c\000\040\000s\000t\000a\000c\000k}{subsection.2.5}% 28
\BOOKMARK [3][-]{subsubsection.2.5.5}{\376\377\000O\000D\000T}{subsection.2.5}% 29
\BOOKMARK [2][-]{subsection.2.6}{\376\377\000M\000o\000r\000e\000\040\000D\000a\000t\000a\000\040\000s\000t\000r\000u\000c\000t\000u\000r\000e\000s}{section.2}% 30
\BOOKMARK [3][-]{subsubsection.2.6.1}{\376\377\000W\000a\000v\000e\000l\000e\000t\000\040\000t\000r\000e\000e}{subsection.2.6}% 31
\BOOKMARK [2][-]{subsection.2.7}{\376\377\000S\000Q\000R\000T\000\040\000d\000e\000c\000o\000m\000p\000o\000s\000i\000t\000i\000o\000n\000\040\000M\000O}{section.2}% 32
\BOOKMARK [3][-]{subsubsection.2.7.1}{\376\377\000M\000O}{subsection.2.7}% 33
\BOOKMARK [3][-]{subsubsection.2.7.2}{\376\377\000M\000O\000\040\000o\000n\000\040\000t\000r\000e\000e}{subsection.2.7}% 34
\BOOKMARK [3][-]{subsubsection.2.7.3}{\376\377\000M\000o\000'\000s\000\040\000w\000i\000t\000h\000\040\000u\000p\000d\000a\000t\000e\000s}{subsection.2.7}% 35
\BOOKMARK [3][-]{subsubsection.2.7.4}{\376\377\000R\000o\000l\000l\000b\000a\000c\000k\000\040\000m\000o}{subsection.2.7}% 36
\BOOKMARK [3][-]{subsubsection.2.7.5}{\376\377\000s\000q\000r\000t\000\040\000d\000e\000c\000o\000m\000p\000o\000s\000i\000t\000i\000o\000n}{subsection.2.7}% 37
\BOOKMARK [3][-]{subsubsection.2.7.6}{\376\377\000s\000q\000r\000t\000\040\000d\000e\000c\000o\000m\000p\000o\000s\000i\000t\000i\000o\000n\000\040\000r\000a\000n\000g\000e\000U\000p\000d\000a\000t\000e\000\040\000r\000a\000n\000g\000e\000Q\000u\000e\000r\000y}{subsection.2.7}% 38
\BOOKMARK [2][-]{subsection.2.8}{\376\377\000S\000e\000g\000m\000e\000n\000t\000\040\000T\000r\000e\000e}{section.2}% 39
\BOOKMARK [3][-]{subsubsection.2.8.1}{\376\377\0002\000D\000\040\000s\000e\000g\000m\000e\000n\000t\000\040\000t\000r\000e\000e}{subsection.2.8}% 40
\BOOKMARK [3][-]{subsubsection.2.8.2}{\376\377\000D\000y\000n\000a\000m\000i\000c\000\040\000s\000e\000g\000m\000e\000n\000t\000\040\000t\000r\000e\000e}{subsection.2.8}% 41
\BOOKMARK [3][-]{subsubsection.2.8.3}{\376\377\000I\000t\000e\000r\000a\000t\000i\000v\000e\000\040\000s\000e\000g\000m\000e\000n\000t\000\040\000t\000r\000e\000e}{subsection.2.8}% 42
\BOOKMARK [3][-]{subsubsection.2.8.4}{\376\377\000M\000e\000r\000g\000e\000\040\000s\000o\000r\000t\000\040\000t\000r\000e\000e}{subsection.2.8}% 43
\BOOKMARK [3][-]{subsubsection.2.8.5}{\376\377\000P\000S\000T}{subsection.2.8}% 44
\BOOKMARK [3][-]{subsubsection.2.8.6}{\376\377\000P\000S\000T\000\040\000L\000a\000z\000y}{subsection.2.8}% 45
\BOOKMARK [3][-]{subsubsection.2.8.7}{\376\377\000S\000e\000g\000m\000e\000n\000t\000\040\000t\000r\000e\000e}{subsection.2.8}% 46
\BOOKMARK [3][-]{subsubsection.2.8.8}{\376\377\000S\000e\000g\000m\000e\000n\000t\000\040\000t\000r\000e\000e\000\040\000b\000e\000a\000t\000s}{subsection.2.8}% 47
\BOOKMARK [3][-]{subsubsection.2.8.9}{\376\377\000S\000e\000g\000m\000e\000n\000t\000\040\000t\000r\000e\000e\000\040\000l\000a\000z\000y}{subsection.2.8}% 48
\BOOKMARK [3][-]{subsubsection.2.8.10}{\376\377\000S\000e\000g\000m\000e\000n\000t\000\040\000t\000r\000e\000e\000\040\000m\000e\000r\000g\000i\000n\000g}{subsection.2.8}% 49
\BOOKMARK [2][-]{subsection.2.9}{\376\377\000S\000p\000a\000r\000s\000e\000\040\000T\000a\000b\000l\000e}{section.2}% 50
\BOOKMARK [3][-]{subsubsection.2.9.1}{\376\377\0002\000D\000\040\000s\000p\000a\000r\000s\000e\000\040\000t\000a\000b\000l\000e}{subsection.2.9}% 51
\BOOKMARK [3][-]{subsubsection.2.9.2}{\376\377\000s\000p\000a\000r\000s\000e\000\040\000t\000a\000b\000l\000e}{subsection.2.9}% 52
\BOOKMARK [2][-]{subsection.2.10}{\376\377\000T\000r\000e\000a\000p}{section.2}% 53
\BOOKMARK [3][-]{subsubsection.2.10.1}{\376\377\000i\000m\000p\000l\000i\000c\000i\000t\000\040\000t\000r\000e\000a\000p}{subsection.2.10}% 54
\BOOKMARK [2][-]{subsection.2.11}{\376\377\000T\000r\000i\000e}{section.2}% 55
\BOOKMARK [3][-]{subsubsection.2.11.1}{\376\377\000B\000i\000n\000a\000r\000y\000T\000r\000i\000e\000\040\000U\000s\000i\000n\000g\000\040\000V\000e\000c\000t\000o\000r}{subsection.2.11}% 56
\BOOKMARK [3][-]{subsubsection.2.11.2}{\376\377\000B\000i\000n\000a\000r\000y\000\040\000t\000r\000i\000e}{subsection.2.11}% 57
\BOOKMARK [3][-]{subsubsection.2.11.3}{\376\377\000P\000e\000r\000s\000i\000s\000t\000e\000n\000t\000\040\000T\000r\000i\000e}{subsection.2.11}% 58
\BOOKMARK [3][-]{subsubsection.2.11.4}{\376\377\000T\000r\000i\000e\000\040\000\050\000S\000t\000r\000i\000n\000g\000\051}{subsection.2.11}% 59
\BOOKMARK [3][-]{subsubsection.2.11.5}{\376\377\000T\000r\000i\000e\000\040\000U\000s\000i\000n\000g\000\040\000V\000e\000c\000t\000o\000r}{subsection.2.11}% 60
\BOOKMARK [3][-]{subsubsection.2.11.6}{\376\377\000T\000r\000i\000e}{subsection.2.11}% 61
\BOOKMARK [1][-]{section.3}{\376\377\000G\000r\000a\000p\000h\000s}{}% 62
\BOOKMARK [2][-]{subsection.3.1}{\376\377\0002\000-\000S\000a\000t}{section.3}% 63
\BOOKMARK [3][-]{subsubsection.3.1.1}{\376\377\0002\000s\000a\000t}{subsection.3.1}% 64
\BOOKMARK [2][-]{subsection.3.2}{\376\377\000D\000A\000G}{section.3}% 65
\BOOKMARK [3][-]{subsubsection.3.2.1}{\376\377\000D\000a\000g\000\040\000r\000e\000a\000c\000h\000a\000b\000i\000l\000i\000t\000y\000\050\000b\000i\000t\000s\000e\000t\000\040\000t\000r\000i\000c\000k\000\051}{subsection.3.2}% 66
\BOOKMARK [2][-]{subsection.3.3}{\376\377\000E\000u\000l\000e\000r\000i\000a\000n\000\040\000p\000a\000t\000h}{section.3}% 67
\BOOKMARK [3][-]{subsubsection.3.3.1}{\376\377\000E\000u\000l\000e\000r\000i\000a\000n\000\040\000p\000a\000t\000h}{subsection.3.3}% 68
\BOOKMARK [2][-]{subsection.3.4}{\376\377\000F\000l\000o\000w\000s}{section.3}% 69
\BOOKMARK [3][-]{subsubsection.3.4.1}{\376\377\000G\000o\000m\000o\000r\000y\000-\000H\000u\000\040\000T\000r\000e\000e}{subsection.3.4}% 70
\BOOKMARK [3][-]{subsubsection.3.4.2}{\376\377\000M\000C\000M\000F}{subsection.3.4}% 71
\BOOKMARK [3][-]{subsubsection.3.4.3}{\376\377\000M\000a\000x\000\040\000f\000l\000o\000w}{subsection.3.4}% 72
\BOOKMARK [2][-]{subsection.3.5}{\376\377\000G\000r\000a\000p\000h\000\040\000T\000r\000a\000v\000e\000r\000s\000e}{section.3}% 73
\BOOKMARK [3][-]{subsubsection.3.5.1}{\376\377\000B\000i\000p\000a\000r\000t\000i\000t\000e\000\040\000G\000r\000a\000p\000h}{subsection.3.5}% 74
\BOOKMARK [3][-]{subsubsection.3.5.2}{\376\377\000E\000u\000l\000e\000r\000\040\000t\000o\000u\000r}{subsection.3.5}% 75
\BOOKMARK [3][-]{subsubsection.3.5.3}{\376\377\000T\000o\000p\000\040\000s\000o\000r\000t}{subsection.3.5}% 76
\BOOKMARK [2][-]{subsection.3.6}{\376\377\000G\000r\000a\000p\000h\000\040\000c\000o\000n\000n\000e\000c\000t\000i\000v\000i\000t\000y}{section.3}% 77
\BOOKMARK [3][-]{subsubsection.3.6.1}{\376\377\000A\000r\000t\000i\000c\000u\000l\000a\000t\000i\000o\000n\000s}{subsection.3.6}% 78
\BOOKMARK [3][-]{subsubsection.3.6.2}{\376\377\000S\000C\000C}{subsection.3.6}% 79
\BOOKMARK [2][-]{subsection.3.7}{\376\377\000G\000r\000a\000p\000h\000\040\000c\000o\000u\000n\000t\000i\000n\000g}{section.3}% 80
\BOOKMARK [3][-]{subsubsection.3.7.1}{\376\377\000B\000E\000S\000T}{subsection.3.7}% 81
\BOOKMARK [3][-]{subsubsection.3.7.2}{\376\377\000P\000r\000u\000f\000e\000r\000\040\000c\000o\000d\000e}{subsection.3.7}% 82
\BOOKMARK [2][-]{subsection.3.8}{\376\377\000L\000C\000A}{section.3}% 83
\BOOKMARK [3][-]{subsubsection.3.8.1}{\376\377\000L\000C\000A\000\050\000H\000a\000s\000s\000a\000n\000\051}{subsection.3.8}% 84
\BOOKMARK [3][-]{subsubsection.3.8.2}{\376\377\000L\000C\000A}{subsection.3.8}% 85
\BOOKMARK [3][-]{subsubsection.3.8.3}{\376\377\000L\000c\000a\000\040\000o\0001}{subsection.3.8}% 86
\BOOKMARK [2][-]{subsection.3.9}{\376\377\000M\000S\000T}{section.3}% 87
\BOOKMARK [3][-]{subsubsection.3.9.1}{\376\377\000D\000i\000r\000e\000c\000t\000e\000d\000\040\000M\000S\000T}{subsection.3.9}% 88
\BOOKMARK [3][-]{subsubsection.3.9.2}{\376\377\000K\000i\000r\000c\000h\000o\000f\000f}{subsection.3.9}% 89
\BOOKMARK [3][-]{subsubsection.3.9.3}{\376\377\000K\000r\000u\000s\000k\000a\000l}{subsection.3.9}% 90
\BOOKMARK [3][-]{subsubsection.3.9.4}{\376\377\000P\000r\000i\000m}{subsection.3.9}% 91
\BOOKMARK [2][-]{subsection.3.10}{\376\377\000M\000a\000t\000c\000h\000i\000n\000g}{section.3}% 92
\BOOKMARK [3][-]{subsubsection.3.10.1}{\376\377\000B\000i\000p\000a\000r\000t\000i\000t\000e\000\040\000m\000a\000t\000c\000h\000i\000n\000g}{subsection.3.10}% 93
\BOOKMARK [3][-]{subsubsection.3.10.2}{\376\377\000H\000u\000n\000g\000a\000r\000i\000a\000n\000\040\000a\000l\000g\000o\000r\000i\000t\000h\000m}{subsection.3.10}% 94
\BOOKMARK [3][-]{subsubsection.3.10.3}{\376\377\000S\000t\000a\000b\000l\000e\000\040\000M\000a\000r\000r\000i\000a\000g\000e\000\040\000P\000r\000o\000b\000l\000e\000m}{subsection.3.10}% 95
\BOOKMARK [2][-]{subsection.3.11}{\376\377\000M\000i\000s\000c}{section.3}% 96
\BOOKMARK [3][-]{subsubsection.3.11.1}{\376\377\000C\000h\000e\000c\000k\000\040\000C\000y\000c\000l\000e\000\040}{subsection.3.11}% 97
\BOOKMARK [3][-]{subsubsection.3.11.2}{\376\377\000D\000e\000g\000r\000e\000e\000\040\000S\000e\000q\000u\000e\000n\000c\000e\000s}{subsection.3.11}% 98
\BOOKMARK [3][-]{subsubsection.3.11.3}{\376\377\000T\000r\000e\000e\000\040\000h\000a\000s\000h\000i\000n\000g}{subsection.3.11}% 99
\BOOKMARK [2][-]{subsection.3.12}{\376\377\000S\000h\000o\000r\000t\000e\000s\000t\000\040\000p\000a\000t\000h\000s}{section.3}% 100
\BOOKMARK [3][-]{subsubsection.3.12.1}{\376\377\000B\000F\000S\0000\0001}{subsection.3.12}% 101
\BOOKMARK [3][-]{subsubsection.3.12.2}{\376\377\000B\000e\000l\000l\000m\000a\000n\000\040\000f\000o\000r\000d}{subsection.3.12}% 102
\BOOKMARK [3][-]{subsubsection.3.12.3}{\376\377\000D\000i\000j\000k\000s\000t\000r\000a}{subsection.3.12}% 103
\BOOKMARK [3][-]{subsubsection.3.12.4}{\376\377\000F\000l\000o\000y\000d}{subsection.3.12}% 104
\BOOKMARK [3][-]{subsubsection.3.12.5}{\376\377\000F\000l\000o\000y\000d\000\040\000W\000a\000r\000s\000h\000a\000l\000l\000\050\000H\000a\000s\000s\000a\000n\000\051}{subsection.3.12}% 105
\BOOKMARK [3][-]{subsubsection.3.12.6}{\376\377\000M\000a\000x\000M\000i\000n\000\040\000C\000o\000s\000t\000\040\000U\000s\000i\000n\000g\000\040\000D\000i\000j\000k\000s\000t\000r\000a}{subsection.3.12}% 106
\BOOKMARK [3][-]{subsubsection.3.12.7}{\376\377\000M\000i\000n\000M\000a\000x\000\040\000C\000o\000s\000t\000\040\000U\000s\000i\000n\000g\000\040\000D\000i\000j\000k\000s\000t\000r\000a}{subsection.3.12}% 107
\BOOKMARK [2][-]{subsection.3.13}{\376\377\000T\000r\000e\000e\000s}{section.3}% 108
\BOOKMARK [3][-]{subsubsection.3.13.1}{\376\377\000R\000e\000r\000o\000o\000t\000i\000n\000g}{subsection.3.13}% 109
\BOOKMARK [3][-]{subsubsection.3.13.2}{\376\377\000V\000i\000r\000t\000u\000a\000l\000\040\000t\000r\000e\000e}{subsection.3.13}% 110
\BOOKMARK [1][-]{section.4}{\376\377\000M\000a\000t\000h}{}% 111
\BOOKMARK [2][-]{subsection.4.1}{\376\377\000C\000a\000l\000c\000u\000l\000u\000s}{section.4}% 112
\BOOKMARK [3][-]{subsubsection.4.1.1}{\376\377\000D\000i\000f\000f\000e\000r\000e\000n\000t\000i\000a\000t\000i\000o\000n\000\040\000i\000n\000t\000e\000g\000r\000a\000t\000i\000o\000n}{subsection.4.1}% 113
\BOOKMARK [2][-]{subsection.4.2}{\376\377\000C\000o\000n\000v\000o\000l\000u\000t\000i\000o\000n}{section.4}% 114
\BOOKMARK [3][-]{subsubsection.4.2.1}{\376\377\000F\000W\000H\000T}{subsection.4.2}% 115
\BOOKMARK [3][-]{subsubsection.4.2.2}{\376\377\000G\000D\000C\000\040\000L\000C\000M\000\040\000C\000o\000n\000v\000o\000l\000u\000t\000i\000o\000n}{subsection.4.2}% 116
\BOOKMARK [3][-]{subsubsection.4.2.3}{\376\377\000N\000T\000T}{subsection.4.2}% 117
\BOOKMARK [2][-]{subsection.4.3}{\376\377\000F\000F\000T}{section.4}% 118
\BOOKMARK [3][-]{subsubsection.4.3.1}{\376\377\000b\000i\000t\000I\000n\000t\000M\000u\000l\000t\000i\000p\000l\000y}{subsection.4.3}% 119
\BOOKMARK [3][-]{subsubsection.4.3.2}{\376\377\000f\000f\000t}{subsection.4.3}% 120
\BOOKMARK [3][-]{subsubsection.4.3.3}{\376\377\000f\000f\000t\000M\000o\000d}{subsection.4.3}% 121
\BOOKMARK [3][-]{subsubsection.4.3.4}{\376\377\000n\000t\000t}{subsection.4.3}% 122
\BOOKMARK [3][-]{subsubsection.4.3.5}{\376\377\000p\000o\000w}{subsection.4.3}% 123
\BOOKMARK [2][-]{subsection.4.4}{\376\377\000L\000i\000n\000e\000a\000r\000\040\000a\000l\000g\000e\000b\000r\000a}{section.4}% 124
\BOOKMARK [3][-]{subsubsection.4.4.1}{\376\377\000D\000e\000t\000e\000r\000m\000i\000n\000a\000n\000t\000\050\000c\000o\000m\000p\000o\000s\000i\000t\000e\000\040\000m\000o\000d\000\051}{subsection.4.4}% 125
\BOOKMARK [3][-]{subsubsection.4.4.2}{\376\377\000D\000e\000t\000e\000r\000m\000i\000n\000a\000n\000t\000\050\000p\000r\000i\000m\000e\000\040\000m\000o\000d\000\051}{subsection.4.4}% 126
\BOOKMARK [3][-]{subsubsection.4.4.3}{\376\377\000G\000a\000u\000s\000s\000i\000a\000n\000\040\000e\000l\000e\000m\000i\000n\000a\000t\000i\000o\000n}{subsection.4.4}% 127
\BOOKMARK [3][-]{subsubsection.4.4.4}{\376\377\000G\000a\000u\000s\000s\000i\000a\000n\000\040\000e\000l\000e\000m\000i\000n\000a\000t\000i\000o\000n\000\040\000m\000o\000d\0002}{subsection.4.4}% 128
\BOOKMARK [3][-]{subsubsection.4.4.5}{\376\377\000X\000O\000R\000\040\000b\000a\000s\000i\000s}{subsection.4.4}% 129
\BOOKMARK [2][-]{subsection.4.5}{\376\377\000L\000i\000n\000e\000a\000r\000\040\000r\000e\000c\000u\000r\000r\000e\000n\000c\000e}{section.4}% 130
\BOOKMARK [3][-]{subsubsection.4.5.1}{\376\377\000B\000e\000r\000l\000e\000k\000a\000m\000p}{subsection.4.5}% 131
\BOOKMARK [2][-]{subsection.4.6}{\376\377\000M\000a\000t\000r\000i\000x}{section.4}% 132
\BOOKMARK [3][-]{subsubsection.4.6.1}{\376\377\000F\000r\000i\000e\000v\000a\000l\000d\000'\000s\000\040\000a\000l\000g\000o\000r\000i\000t\000h\000m}{subsection.4.6}% 133
\BOOKMARK [3][-]{subsubsection.4.6.2}{\376\377\000M\000a\000t\000r\000i\000x\000\040\000e\000x\000p\000o}{subsection.4.6}% 134
\BOOKMARK [3][-]{subsubsection.4.6.3}{\376\377\000M\000a\000t\000r\000i\000x\000\040\000e\000x\000p\000o\000\040\000Q\000u\000e\000r\000i\000e\000s}{subsection.4.6}% 135
\BOOKMARK [3][-]{subsubsection.4.6.4}{\376\377\000M\000i\000n\000\040\000P\000a\000t\000h\000\040\000U\000s\000i\000n\000g\000M\000a\000t\000r\000i\000x\000\040\000e\000x\000p\000o}{subsection.4.6}% 136
\BOOKMARK [3][-]{subsubsection.4.6.5}{\376\377\000P\000e\000r\000m\000a\000n\000e\000n\000t\000\040\000m\000a\000t\000r\000i\000x}{subsection.4.6}% 137
\BOOKMARK [2][-]{subsection.4.7}{\376\377\000O\000p\000t\000i\000m\000i\000z\000a\000t\000i\000o\000n}{section.4}% 138
\BOOKMARK [3][-]{subsubsection.4.7.1}{\376\377\000S\000i\000m\000p\000l\000e\000x}{subsection.4.7}% 139
\BOOKMARK [2][-]{subsection.4.8}{\376\377\000P\000o\000l\000y\000n\000o\000m\000i\000a\000l}{section.4}% 140
\BOOKMARK [3][-]{subsubsection.4.8.1}{\376\377\000E\000X\000P\000\040\000P\000O\000W\000\040\000S\000Q\000R\000T}{subsection.4.8}% 141
\BOOKMARK [3][-]{subsubsection.4.8.2}{\376\377\000L\000a\000g\000r\000a\000n\000g\000e}{subsection.4.8}% 142
\BOOKMARK [3][-]{subsubsection.4.8.3}{\376\377\000M\000u\000l\000t\000i\000p\000o\000i\000n\000t\000\040\000e\000v\000a\000l\000u\000a\000t\000i\000o\000n}{subsection.4.8}% 143
\BOOKMARK [3][-]{subsubsection.4.8.4}{\376\377\000P\000o\000l\000y\000\040\000i\000n\000v\000\040\000l\000o\000g}{subsection.4.8}% 144
\BOOKMARK [2][-]{subsection.4.9}{\376\377\000P\000r\000o\000b\000a\000b\000i\000l\000i\000t\000y}{section.4}% 145
\BOOKMARK [3][-]{subsubsection.4.9.1}{\376\377\000E\000x\000p\000e\000c\000t\000e\000d\000\040\000o\000c\000c\000u\000r\000e\000n\000c\000e\000\040\000t\000i\000m\000e\000\040\000o\000f\000\040\000s\000u\000b\000s\000t\000r\000i\000n\000g}{subsection.4.9}% 146
\BOOKMARK [1][-]{section.5}{\376\377\000N\000u\000m\000b\000e\000r\000\040\000T\000h\000e\000o\000r\000y}{}% 147
\BOOKMARK [2][-]{subsection.5.1}{\376\377\000F\000i\000b\000o\000n\000a\000c\000c\000i}{section.5}% 148
\BOOKMARK [3][-]{subsubsection.5.1.1}{\376\377\000F\000a\000s\000t\000\040\000d\000o\000u\000b\000l\000i\000n\000g\000\040\000f\000i\000b\000o\000n\000a\000c\000c\000i}{subsection.5.1}% 149
\BOOKMARK [3][-]{subsubsection.5.1.2}{\376\377\000P\000H\000I\000\040\000f\000i\000e\000l\000d}{subsection.5.1}% 150
\BOOKMARK [2][-]{subsection.5.2}{\376\377\000L\000i\000n\000e\000a\000r\000\040\000d\000i\000o\000p\000h\000a\000n\000t\000i\000n\000e\000\040\000e\000q\000u\000a\000t\000i\000o\000n}{section.5}% 151
\BOOKMARK [3][-]{subsubsection.5.2.1}{\376\377\000F\000l\000o\000o\000r\000\040\000s\000u\000m}{subsection.5.2}% 152
\BOOKMARK [3][-]{subsubsection.5.2.2}{\376\377\000G\000e\000n\000e\000r\000a\000l\000i\000z\000e\000d\000\040\000f\000l\000o\000o\000r\000\040\000s\000u\000m}{subsection.5.2}% 153
\BOOKMARK [3][-]{subsubsection.5.2.3}{\376\377\000L\000D\000E}{subsection.5.2}% 154
\BOOKMARK [3][-]{subsubsection.5.2.4}{\376\377\000P\000e\000l\000l\000\040\000e\000q\000u\000a\000t\000i\000o\000n}{subsection.5.2}% 155
\BOOKMARK [2][-]{subsection.5.3}{\376\377\000M\000i\000s\000c}{section.5}% 156
\BOOKMARK [3][-]{subsubsection.5.3.1}{\376\377\000M\000i\000n\000\040\000X\000\040\000i\000n\000\040\000M\000o\000d\000\040\000r\000a\000n\000g\000e}{subsection.5.3}% 157
\BOOKMARK [3][-]{subsubsection.5.3.2}{\376\377\000S\000I\000M\000P\000L\000E\000S\000T\000\040\000F\000R\000A\000C\000T\000I\000O\000N}{subsection.5.3}% 158
\BOOKMARK [2][-]{subsection.5.4}{\376\377\000M\000o\000d\000u\000l\000a\000r\000\040\000a\000r\000i\000t\000h\000m\000e\000t\000i\000c}{section.5}% 159
\BOOKMARK [3][-]{subsubsection.5.4.1}{\376\377\000B\000a\000b\000y\000\040\000s\000t\000e\000p\000\040\000g\000i\000a\000n\000t\000\040\000s\000t\000e\000p}{subsection.5.4}% 160
\BOOKMARK [3][-]{subsubsection.5.4.2}{\376\377\000B\000i\000g\000\040\000M\000o\000d\000\040\000P\000o\000w\000e\000r}{subsection.5.4}% 161
\BOOKMARK [3][-]{subsubsection.5.4.3}{\376\377\000C\000R\000T}{subsection.5.4}% 162
\BOOKMARK [3][-]{subsubsection.5.4.4}{\376\377\000D\000i\000s\000c\000r\000e\000t\000e\000\040\000r\000o\000o\000t}{subsection.5.4}% 163
\BOOKMARK [3][-]{subsubsection.5.4.5}{\376\377\000D\000i\000s\000t\000i\000n\000c\000t\000\040\000k\000t\000h\000\040\000p\000o\000w\000e\000r}{subsection.5.4}% 164
\BOOKMARK [3][-]{subsubsection.5.4.6}{\376\377\000L\000i\000n\000e\000a\000r\000\040\000c\000o\000n\000g\000u\000r\000e\000n\000c\000e}{subsection.5.4}% 165
\BOOKMARK [3][-]{subsubsection.5.4.7}{\376\377\000M\000U\000L\000T\000I\000P\000L\000I\000C\000A\000T\000I\000V\000E\000\040\000O\000R\000D\000E\000R\000\040\000C\000A\000R\000M\000I\000C\000H\000A\000E\000L\000'\000S\000\040\000L\000A\000M\000B\000D\000A}{subsection.5.4}% 166
\BOOKMARK [3][-]{subsubsection.5.4.8}{\376\377\000d\000i\000s\000c\000r\000e\000t\000e\000\040\000s\000q\000r\000t}{subsection.5.4}% 167
\BOOKMARK [2][-]{subsection.5.5}{\376\377\000M\000u\000l\000t\000i\000p\000l\000i\000c\000a\000t\000i\000v\000e\000\040\000f\000u\000n\000c\000t\000i\000o\000n\000s}{section.5}% 168
\BOOKMARK [3][-]{subsubsection.5.5.1}{\376\377\000M\000i\000n\000\040\0002\0005\000\040\000s\000i\000e\000v\000e}{subsection.5.5}% 169
\BOOKMARK [3][-]{subsubsection.5.5.2}{\376\377\000P\000o\000w\000e\000r\000\040\000t\000o\000w\000e\000r}{subsection.5.5}% 170
\BOOKMARK [3][-]{subsubsection.5.5.3}{\376\377\000p\000h\000i}{subsection.5.5}% 171
\BOOKMARK [2][-]{subsection.5.6}{\376\377\000P\000r\000i\000m\000e\000s\000\040\000A\000n\000d\000\040\000D\000i\000v\000i\000s\000o\000r\000s}{section.5}% 172
\BOOKMARK [3][-]{subsubsection.5.6.1}{\376\377\000B\000a\000s\000i\000c}{subsection.5.6}% 173
\BOOKMARK [3][-]{subsubsection.5.6.2}{\376\377\000F\000a\000s\000t\000S\000u\000m\000i\000t\000i\000o\000n\000D\000i\000v\000i\000s\000o\000r\000\040\0001\000e\0001\0006}{subsection.5.6}% 174
\BOOKMARK [3][-]{subsubsection.5.6.3}{\376\377\000L\000i\000n\000e\000a\000r\000\040\000s\000i\000e\000v\000e}{subsection.5.6}% 175
\BOOKMARK [3][-]{subsubsection.5.6.4}{\376\377\000M\000i\000l\000l\000e\000r\000\040\000p\000o\000l\000l\000a\000r\000d}{subsection.5.6}% 176
\BOOKMARK [3][-]{subsubsection.5.6.5}{\376\377\000N\000u\000m\000b\000e\000r\000\040\000o\000f\000\040\000d\000i\000v\000i\000s\000o\000r\000s\000\040\0001\000e\0001\0008}{subsection.5.6}% 177
\BOOKMARK [3][-]{subsubsection.5.6.6}{\376\377\000P\000r\000i\000m\000e\000\040\000c\000o\000u\000t\000n\000i\000n\000g}{subsection.5.6}% 178
\BOOKMARK [3][-]{subsubsection.5.6.7}{\376\377\000S\000i\000e\000v\000e\000\040\0001\000e\0009}{subsection.5.6}% 179
\BOOKMARK [3][-]{subsubsection.5.6.8}{\376\377\000s\000e\000g\000m\000e\000n\000t\000e\000d\000\040\000s\000i\000e\000v\000e}{subsection.5.6}% 180
\BOOKMARK [3][-]{subsubsection.5.6.9}{\376\377\000s\000u\000m\000\040\000n\000u\000m\000b\000e\000r\000O\000f\000D\000i\000v\000i\000s\000o\000r\000s}{subsection.5.6}% 181
\BOOKMARK [1][-]{section.6}{\376\377\000C\000o\000m\000b\000i\000n\000a\000t\000o\000r\000i\000c\000s}{}% 182
\BOOKMARK [2][-]{subsection.6.1}{\376\377\000M\000a\000i\000n}{section.6}% 183
\BOOKMARK [3][-]{subsubsection.6.1.1}{\376\377\000B\000a\000s\000i\000c}{subsection.6.1}% 184
\BOOKMARK [3][-]{subsubsection.6.1.2}{\376\377\000P\000a\000s\000c\000a\000l\000\040\000t\000r\000i\000a\000n\000g\000l\000e}{subsection.6.1}% 185
\BOOKMARK [2][-]{subsection.6.2}{\376\377\000P\000I\000E}{section.6}% 186
\BOOKMARK [3][-]{subsubsection.6.2.1}{\376\377\000m\000u\000l\000t\000i\000p\000l\000e\000s}{subsection.6.2}% 187
\BOOKMARK [2][-]{subsection.6.3}{\376\377\000P\000a\000r\000t\000i\000t\000i\000o\000n}{section.6}% 188
\BOOKMARK [3][-]{subsubsection.6.3.1}{\376\377\000I\000n\000t\000e\000g\000e\000r\000\040\000p\000a\000r\000t\000i\000t\000i\000o\000n}{subsection.6.3}% 189
\BOOKMARK [2][-]{subsection.6.4}{\376\377\000n\000C\000r}{section.6}% 190
\BOOKMARK [3][-]{subsubsection.6.4.1}{\376\377\000n\000C\000r\000\040\000M\000o\000d\000\040\000a\000n\000y\000\040\000m\000o\000d}{subsection.6.4}% 191
\BOOKMARK [3][-]{subsubsection.6.4.2}{\376\377\000n\000C\000r\000\040\000o\000v\000e\000r\000\040\000c\000o\000n\000g\000u\000r\000e\000n\000c\000e\000\040\000c\000l\000a\000s\000s}{subsection.6.4}% 192
\BOOKMARK [1][-]{section.7}{\376\377\000G\000e\000o\000m\000e\000t\000r\000y}{}% 193
\BOOKMARK [2][-]{subsection.7.1}{\376\377\000B\000a\000l\000l\000\040\0003\000D\000\040\000C\000l\000a\000s\000s}{section.7}% 194
\BOOKMARK [2][-]{subsection.7.2}{\376\377\000L\000i\000\040\000C\000h\000a\000o\000\040\000T\000r\000e\000e}{section.7}% 195
\BOOKMARK [2][-]{subsection.7.3}{\376\377\000a\000d\000d\000i\000t\000o\000n\000a\000l\000\040\000g\000e\000o\000m\000e\000t\000r\000y}{section.7}% 196
\BOOKMARK [2][-]{subsection.7.4}{\376\377\000a\000l\000l\000G\000e\000m\000o\000m\000e\000t\000r\000y}{section.7}% 197
\BOOKMARK [2][-]{subsection.7.5}{\376\377\000a\000n\000y\000\040\000t\000w\000o\000\040\000l\000i\000n\000e\000s\000\040\000i\000n\000t\000e\000r\000s\000e\000c\000t}{section.7}% 198
\BOOKMARK [2][-]{subsection.7.6}{\376\377\000a\000r\000e\000a\000O\000f\000A\000n\000y\000S\000h\000a\000p\000e}{section.7}% 199
\BOOKMARK [2][-]{subsection.7.7}{\376\377\000g\000e\000o\000m\000e\000t\000r\000y\000R\000e\000f\000e\000r\000e\000n\000c\000e\000S\000h\000e\000e\000t}{section.7}% 200
\BOOKMARK [2][-]{subsection.7.8}{\376\377\000m\000i\000n\000i\000m\000u\000m\000\040\000d\000i\000s\000t\000a\000n\000c\000e\000\040\000c\000a\000l\000c\000u\000l\000a\000t\000i\000o\000n\000\040\000b\000e\000t\000w\000e\000e\000n\000\040\000p\000o\000i\000n\000t\000s}{section.7}% 201
\BOOKMARK [2][-]{subsection.7.9}{\376\377\000r\000e\000c\000t\000a\000n\000g\000l\000e\000\040\000u\000n\000i\000o\000n}{section.7}% 202
\BOOKMARK [1][-]{section.8}{\376\377\000S\000t\000r\000i\000n\000g}{}% 203
\BOOKMARK [2][-]{subsection.8.1}{\376\377\000A\000h\000o\000\040\000C\000o\000r\000a\000s\000i\000c\000k}{section.8}% 204
\BOOKMARK [3][-]{subsubsection.8.1.1}{\376\377\000A\000h\000o\000\040\000c\000o\000r\000a\000s\000i\000c\000k}{subsection.8.1}% 205
\BOOKMARK [2][-]{subsection.8.2}{\376\377\000H\000a\000s\000h\000i\000n\000g}{section.8}% 206
\BOOKMARK [3][-]{subsubsection.8.2.1}{\376\377\0002\000D\000\040\000s\000t\000r\000i\000n\000g\000\040\000h\000a\000s\000h\000i\000n\000g}{subsection.8.2}% 207
\BOOKMARK [3][-]{subsubsection.8.2.2}{\376\377\000H\000a\000s\000h\000\050\000H\000a\000s\000s\000a\000n\000\051}{subsection.8.2}% 208
\BOOKMARK [3][-]{subsubsection.8.2.3}{\376\377\000H\000a\000s\000h}{subsection.8.2}% 209
\BOOKMARK [3][-]{subsubsection.8.2.4}{\376\377\000M\000u\000l\000t\000i\000s\000e\000t\000H\000a\000s\000h\000i\000n\000g}{subsection.8.2}% 210
\BOOKMARK [3][-]{subsubsection.8.2.5}{\376\377\000X\000O\000R\000\040\000h\000a\000s\000h\000i\000n\000g}{subsection.8.2}% 211
\BOOKMARK [2][-]{subsection.8.3}{\376\377\000L\000C\000S}{section.8}% 212
\BOOKMARK [3][-]{subsubsection.8.3.1}{\376\377\000B\000i\000t\000s\000e\000t\000\040\000L\000C\000S}{subsection.8.3}% 213
\BOOKMARK [2][-]{subsection.8.4}{\376\377\000M\000a\000t\000c\000h\000i\000n\000g}{section.8}% 214
\BOOKMARK [3][-]{subsubsection.8.4.1}{\376\377\000F\000F\000T\000\040\000w\000i\000l\000d\000c\000a\000r\000d\000\040\000m\000a\000t\000c\000h\000i\000n\000g}{subsection.8.4}% 215
\BOOKMARK [3][-]{subsubsection.8.4.2}{\376\377\000K\000M\000P}{subsection.8.4}% 216
\BOOKMARK [3][-]{subsubsection.8.4.3}{\376\377\000S\000t\000r\000i\000n\000g\000\040\000m\000a\000t\000c\000h\000i\000n\000g\000\040\000u\000s\000i\000n\000g\000\040\000b\000i\000t\000s\000e\000t}{subsection.8.4}% 217
\BOOKMARK [3][-]{subsubsection.8.4.4}{\376\377\000Z}{subsection.8.4}% 218
\BOOKMARK [2][-]{subsection.8.5}{\376\377\000M\000i\000s\000c}{section.8}% 219
\BOOKMARK [3][-]{subsubsection.8.5.1}{\376\377\000D\000e\000b\000r\000u\000i\000j\000n\000\040\000s\000e\000q\000u\000e\000n\000c\000e}{subsection.8.5}% 220
\BOOKMARK [3][-]{subsubsection.8.5.2}{\376\377\000E\000x\000p\000r\000e\000s\000s\000i\000o\000n\000\040\000p\000a\000r\000s\000e\000r}{subsection.8.5}% 221
\BOOKMARK [3][-]{subsubsection.8.5.3}{\376\377\000M\000i\000n\000\040\000c\000y\000c\000l\000i\000c\000\040\000s\000h\000i\000f\000t}{subsection.8.5}% 222
\BOOKMARK [2][-]{subsection.8.6}{\376\377\000P\000a\000l\000i\000n\000d\000r\000o\000m\000e\000s}{section.8}% 223
\BOOKMARK [3][-]{subsubsection.8.6.1}{\376\377\000M\000a\000n\000a\000c\000h\000e\000r}{subsection.8.6}% 224
\BOOKMARK [3][-]{subsubsection.8.6.2}{\376\377\000P\000a\000l\000i\000n\000d\000r\000o\000m\000i\000c\000\040\000t\000r\000e\000e}{subsection.8.6}% 225
\BOOKMARK [2][-]{subsection.8.7}{\376\377\000S\000u\000f\000f\000i\000x\000\040\000S\000t\000r\000u\000c\000t\000u\000r\000e\000s}{section.8}% 226
\BOOKMARK [3][-]{subsubsection.8.7.1}{\376\377\000S\000u\000f\000f\000i\000x\000\040\000a\000r\000r\000a\000y}{subsection.8.7}% 227
\BOOKMARK [3][-]{subsubsection.8.7.2}{\376\377\000S\000u\000f\000f\000i\000x\000\040\000a\000u\000t\000o\000m\000a\000t\000o\000n}{subsection.8.7}% 228
\BOOKMARK [1][-]{section.9}{\376\377\000D\000P}{}% 229
\BOOKMARK [2][-]{subsection.9.1}{\376\377\000D\000P\000\040\000B\000i\000t\000m\000a\000s\000k}{section.9}% 230
\BOOKMARK [3][-]{subsubsection.9.1.1}{\376\377\000B\000i\000t\000m\000a\000s\000k}{subsection.9.1}% 231
\BOOKMARK [3][-]{subsubsection.9.1.2}{\376\377\000S\000O\000S}{subsection.9.1}% 232
\BOOKMARK [3][-]{subsubsection.9.1.3}{\376\377\000S\000u\000b\000m\000a\000s\000k}{subsection.9.1}% 233
\BOOKMARK [3][-]{subsubsection.9.1.4}{\376\377\000s\000u\000b\000s\000e\000t\000\040\000c\000o\000n\000v\000o\000l\000u\000t\000i\000o\000n}{subsection.9.1}% 234
\BOOKMARK [2][-]{subsection.9.2}{\376\377\000D\000i\000g\000i\000t\000\040\000D\000p}{section.9}% 235
\BOOKMARK [3][-]{subsubsection.9.2.1}{\376\377\000m\000a\000i\000n}{subsection.9.2}% 236
\BOOKMARK [2][-]{subsection.9.3}{\376\377\000I\000t\000e\000r\000a\000t\000i\000v\000e}{section.9}% 237
\BOOKMARK [3][-]{subsubsection.9.3.1}{\376\377\000m\000a\000i\000n}{subsection.9.3}% 238
\BOOKMARK [2][-]{subsection.9.4}{\376\377\000K\000n\000a\000p\000s\000a\000c\000k}{section.9}% 239
\BOOKMARK [3][-]{subsubsection.9.4.1}{\376\377\000m\000a\000i\000n}{subsection.9.4}% 240
\BOOKMARK [2][-]{subsection.9.5}{\376\377\000L\000C\000S}{section.9}% 241
\BOOKMARK [3][-]{subsubsection.9.5.1}{\376\377\000L\000C\000S}{subsection.9.5}% 242
\BOOKMARK [2][-]{subsection.9.6}{\376\377\000L\000I\000S}{section.9}% 243
\BOOKMARK [3][-]{subsubsection.9.6.1}{\376\377\000B\000a\000s\000i\000c\000\040\0002\000D}{subsection.9.6}% 244
\BOOKMARK [3][-]{subsubsection.9.6.2}{\376\377\000L\000I\000S\0001\000D}{subsection.9.6}% 245
\BOOKMARK [3][-]{subsubsection.9.6.3}{\376\377\000L\000I\000S\000\040\000B\000S}{subsection.9.6}% 246
\BOOKMARK [3][-]{subsubsection.9.6.4}{\376\377\000L\000I\000S\000\040\000s\000e\000g}{subsection.9.6}% 247
\BOOKMARK [2][-]{subsection.9.7}{\376\377\000L\000i\000c\000h\000a\000o\000\040\000t\000r\000e\000e}{section.9}% 248
\BOOKMARK [3][-]{subsubsection.9.7.1}{\376\377\000l\000i\000c\000h\000a\000o\000\040\000t\000r\000e\000e}{subsection.9.7}% 249
\BOOKMARK [2][-]{subsection.9.8}{\376\377\000M\000i\000s\000c}{section.9}% 250
\BOOKMARK [3][-]{subsubsection.9.8.1}{\376\377\000B\000r\000o\000k\000e\000n\000\040\000p\000r\000o\000f\000i\000l\000e}{subsection.9.8}% 251
\BOOKMARK [2][-]{subsection.9.9}{\376\377\000M\000o\000r\000e\000\040\000T\000r\000i\000c\000k\000s}{section.9}% 252
\BOOKMARK [3][-]{subsubsection.9.9.1}{\376\377\000S\000l\000o\000p\000e\000\040\000t\000r\000i\000c\000k}{subsection.9.9}% 253
\BOOKMARK [2][-]{subsection.9.10}{\376\377\000O\000p\000t\000i\000m\000i\000z\000a\000t\000i\000o\000n}{section.9}% 254
\BOOKMARK [3][-]{subsubsection.9.10.1}{\376\377\0001\000D\0001\000D}{subsection.9.10}% 255
\BOOKMARK [3][-]{subsubsection.9.10.2}{\376\377\000A\000l\000i\000e\000n\000s}{subsection.9.10}% 256
\BOOKMARK [3][-]{subsubsection.9.10.3}{\376\377\000D\000C}{subsection.9.10}% 257
\BOOKMARK [3][-]{subsubsection.9.10.4}{\376\377\000K\000n\000u\000t\000h}{subsection.9.10}% 258
\BOOKMARK [3][-]{subsubsection.9.10.5}{\376\377\000U\000s\000i\000n\000g\000\040\000d\000a\000t\000a\000\040\000s\000t\000r\000u\000c\000t\000u\000r\000e\000s}{subsection.9.10}% 259
\BOOKMARK [1][-]{section.10}{\376\377\000M\000i\000s\000c}{}% 260
\BOOKMARK [2][-]{subsection.10.1}{\376\377\000B\000i\000g\000\040\000I\000n\000t\000e\000g\000e\000r}{section.10}% 261
\BOOKMARK [3][-]{subsubsection.10.1.1}{\376\377\000B\000i\000g\000\040\000i\000n\000t\000e\000g\000e\000r\000s}{subsection.10.1}% 262
\BOOKMARK [2][-]{subsection.10.2}{\376\377\000C\000h\000e\000s\000s}{section.10}% 263
\BOOKMARK [3][-]{subsubsection.10.2.1}{\376\377\000K\000n\000i\000g\000h\000t\000'\000s\000\040\000t\000o\000u\000r}{subsection.10.2}% 264
\BOOKMARK [2][-]{subsection.10.3}{\376\377\000M\000a\000t\000r\000o\000i\000d\000s}{section.10}% 265
\BOOKMARK [3][-]{subsubsection.10.3.1}{\376\377\000M\000a\000t\000r\000o\000i\000d\000\040\000i\000n\000t\000e\000r\000s\000e\000c\000t\000i\000o\000n}{subsection.10.3}% 266
\BOOKMARK [2][-]{subsection.10.4}{\376\377\000S\000e\000a\000r\000c\000h}{section.10}% 267
\BOOKMARK [3][-]{subsubsection.10.4.1}{\376\377\000T\000e\000r\000n\000a\000r\000y\000\040\000s\000e\000a\000r\000c\000h}{subsection.10.4}% 268
\BOOKMARK [3][-]{subsubsection.10.4.2}{\376\377\000f\000r\000a\000c\000t\000i\000o\000n\000\040\000b\000i\000n\000a\000r\000y\000\040\000s\000e\000a\000r\000c\000h}{subsection.10.4}% 269
\BOOKMARK [3][-]{subsubsection.10.4.3}{\376\377\000p\000a\000r\000a\000l\000l\000e\000l\000\040\000b\000i\000n\000a\000r\000y\000\040\000s\000e\000a\000r\000c\000h}{subsection.10.4}% 270
\BOOKMARK [2][-]{subsection.10.5}{\376\377\000T\000e\000c\000h\000n\000i\000q\000u\000e\000s}{section.10}% 271
\BOOKMARK [3][-]{subsubsection.10.5.1}{\376\377\000M\000A\000N\000H\000A\000T\000T\000A\000N\000\040\000C\000H\000E\000B\000Y\000S\000H\000E\000V}{subsection.10.5}% 272
\BOOKMARK [3][-]{subsubsection.10.5.2}{\376\377\000M\000e\000e\000t\000\040\000i\000n\000\040\000t\000h\000e\000\040\000m\000i\000d\000d\000l\000e}{subsection.10.5}% 273
\BOOKMARK [3][-]{subsubsection.10.5.3}{\376\377\000S\000p\000a\000r\000s\000e\000\040\000t\000a\000b\000l\000e\000\040\000l\000s\000a\000\040\000t\000r\000i\000c\000k}{subsection.10.5}% 274
\BOOKMARK [2][-]{subsection.10.6}{\376\377\000m\000i\000n\000\040\000p\000l\000u\000s\000\040\000c\000o\000n\000v\000o\000l\000u\000t\000i\000o\000n\000.\000c\000p\000p}{section.10}% 275
\BOOKMARK [3][-]{subsubsection.10.6.1}{\376\377\000s\000h\000a\000w\000k}{subsection.10.6}% 276
\BOOKMARK [2][-]{subsection.10.7}{\376\377\000m\000i\000s\000c}{section.10}% 277
\BOOKMARK [3][-]{subsubsection.10.7.1}{\376\377\000D\000y\000n\000a\000m\000i\000c\000\040\000b\000i\000t\000s\000e\000t}{subsection.10.7}% 278
\BOOKMARK [3][-]{subsubsection.10.7.2}{\376\377\000L\000G\000V\000\040\000l\000e\000m\000m\000a}{subsection.10.7}% 279
\BOOKMARK [1][-]{section.11}{\376\377\000H\000e\000l\000p\000e\000r\000s}{}% 280
\BOOKMARK [2][-]{subsection.11.1}{\376\377\0002\000d\000\040\000p\000r\000e\000f\000i\000x\000S\000u\000m}{section.11}% 281
\BOOKMARK [2][-]{subsection.11.2}{\376\377\000A\000d\000h\000o\000c\000s}{section.11}% 282
\BOOKMARK [2][-]{subsection.11.3}{\376\377\000B\000i\000t\000M\000a\000s\000k\000\046\000C\000o\000m\000p\000l\000e\000t\000e\000\040\000S\000e\000a\000r\000c\000h}{section.11}% 283
\BOOKMARK [2][-]{subsection.11.4}{\376\377\000B\000i\000t\000m\000a\000s\000k\000s\000\050\000A\000M\000R\000\051}{section.11}% 284
\BOOKMARK [2][-]{subsection.11.5}{\376\377\000C\000o\000m\000p\000r\000e\000s\000s\000i\000o\000n}{section.11}% 285
\BOOKMARK [2][-]{subsection.11.6}{\376\377\000G\000e\000t\000\040\000W\000o\000r\000d\000s}{section.11}% 286
\BOOKMARK [2][-]{subsection.11.7}{\376\377\000H\000a\000s\000h\000i\000n\000g\000\040\000s\000e\000g\000m\000e\000n\000t\000\040\000t\000r\000e\000e}{section.11}% 287
\BOOKMARK [2][-]{subsection.11.8}{\376\377\000H\000a\000s\000h\000i\000n\000g\000\040\000t\000r\000e\000a\000p}{section.11}% 288
\BOOKMARK [2][-]{subsection.11.9}{\376\377\000I\000N\000T\000\040\0001\0002\0008}{section.11}% 289
\BOOKMARK [2][-]{subsection.11.10}{\376\377\000M\000E\000X}{section.11}% 290
\BOOKMARK [2][-]{subsection.11.11}{\376\377\000O\000r\000d\000e\000r\000e\000d\000\040\000s\000e\000t}{section.11}% 291
\BOOKMARK [2][-]{subsection.11.12}{\376\377\000P\000o\000w\000e\000r}{section.11}% 292
\BOOKMARK [2][-]{subsection.11.13}{\376\377\000Q\000u\000e\000r\000y}{section.11}% 293
\BOOKMARK [2][-]{subsection.11.14}{\376\377\000S\000o\000l\000v\000e\000\040\000E\000q\000u\000a\000t\000i\000o\000n\000s}{section.11}% 294
\BOOKMARK [2][-]{subsection.11.15}{\376\377\000S\000p\000l\000i\000t\000\040\000m\000i\000x}{section.11}% 295
\BOOKMARK [2][-]{subsection.11.16}{\376\377\000d\000e\000b\000u\000g}{section.11}% 296
\BOOKMARK [2][-]{subsection.11.17}{\376\377\000d\000i\000s\000t}{section.11}% 297
\BOOKMARK [2][-]{subsection.11.18}{\376\377\000d\000i\000v}{section.11}% 298
\BOOKMARK [2][-]{subsection.11.19}{\376\377\000d\000o\000u\000b\000l\000e\000\040\000c\000o\000m\000p\000a\000r\000e}{section.11}% 299
\BOOKMARK [2][-]{subsection.11.20}{\376\377\000e\000d\000g\000e}{section.11}% 300
\BOOKMARK [2][-]{subsection.11.21}{\376\377\000f\000i\000n\000d\000\040\000l\000a\000s\000t\000\040\000o\000c\000c\000u\000r\000a\000n\000c\000e}{section.11}% 301
\BOOKMARK [2][-]{subsection.11.22}{\376\377\000i\000n\000v\000\040\000m\000o\000d}{section.11}% 302
\BOOKMARK [2][-]{subsection.11.23}{\376\377\000i\000s\000\040\000p\000r\000i\000m\000e}{section.11}% 303
\BOOKMARK [2][-]{subsection.11.24}{\376\377\000k\000a\000d\000a\000n\000e\000s}{section.11}% 304
\BOOKMARK [2][-]{subsection.11.25}{\376\377\000n\000C\000r}{section.11}% 305
\BOOKMARK [2][-]{subsection.11.26}{\376\377\000n\000e\000x\000t\000\040\000g\000r\000e\000a\000t\000e\000r}{section.11}% 306
\BOOKMARK [2][-]{subsection.11.27}{\376\377\000p\000e\000r\000m\000u\000t\000a\000t\000i\000o\000n\000\040\000h\000a\000s\000h\000i\000n\000g}{section.11}% 307
\BOOKMARK [2][-]{subsection.11.28}{\376\377\000r\000a\000n\000d\000o\000m}{section.11}% 308
\BOOKMARK [2][-]{subsection.11.29}{\376\377\000s\000w\000e\000e\000p\000L\000i\000n\000e\000A\000n\000d\000O\000f\000f\000l\000i\000n\000e\000Q\000u\000e\000r\000i\000e\000s}{section.11}% 309
\BOOKMARK [2][-]{subsection.11.30}{\376\377\000v\000a\000l\000i\000d}{section.11}% 310
